state	power	likelihood
4	1e-05	-29667.6
5	1e-05	-30382.1
6	1e-05	-32448.8
7	1e-05	-31245
8	1e-05	-39122.7
9	1e-05	-33891.9
10	1e-05	-34336
