state	power	likelihood
4	0.00243	-26899.6
5	0.00243	-27232.7
6	0.00243	-27406.7
7	0.00243	-27051
8	0.00243	-26368.2
9	0.00243	-26285.7
10	0.00243	-26323.6
