state	power	likelihood
4	1.16658e-302	-30901
5	1.16658e-302	-30692
6	1.16658e-302	-30924.4
7	1.16658e-302	-50124
8	1.16658e-302	-31624.5
9	1.16658e-302	-43723.4
10	1.16658e-302	-43003.8
