state	power	likelihood
4	0.00032	-28331.9
5	0.00032	-29233.7
6	0.00032	-28786.4
7	0.00032	-30299.5
8	0.00032	-29348.2
9	0.00032	-29036.1
10	0.00032	-29261.3
