Iteration	Posterior	Likelihood	Prior	clado_demipoly	clado_fission	clado_fusion	clado_no_change	clado_polyploid	delta	delta_l	eta	gamma	gamma_l	root_frequencies[1]	root_frequencies[2]	root_frequencies[3]	root_frequencies[4]	root_frequencies[5]	root_frequencies[6]	root_frequencies[7]	root_frequencies[8]	root_frequencies[9]	root_frequencies[10]	root_frequencies[11]	root_frequencies[12]	root_frequencies[13]	root_frequencies[14]	root_frequencies[15]	root_frequencies[16]	root_frequencies[17]	root_frequencies[18]	root_frequencies[19]	turnover
0	-154.4259	-201.9997	47.57385	0	0.006574905	0.0001391563	0.1019615	0	0	0.1412461	0.01447073	0.02639333	0.1548382	0.0759855	0.0935604	0.0350018	0.0505119	0.0908134	0.0269752	0.0957056	0.0450957	0.0927698	0.00405217	0.0576545	0.0282732	0.0730456	0.0645927	0.0143193	0.02901	0.0556989	0.00161363	0.0653207	0.398744
1	-133.2568	-185.3612	52.10444	0.001843662	0.01183946	0.0001603208	0.1019615	0	0.01424361	0.1412461	0	0	0.1548382	0.076129	0.0290648	0.0143464	0.0506073	0.090985	0.0270261	0.0958864	0.0451809	0.091848	0.0350679	0.0577634	0.0929451	0.00161668	0.0647147	0.00405982	0.0654441	0.0558041	0.0731836	0.0283266	0.2260519
2	-131.333	-175.4654	44.1324	0	0	0	0.1748186	0	0.01683936	0.1412461	0.01599623	0.009022561	0	0.0536324	0.0515574	0.0654792	0.156692	0.0640983	0.0190397	0.164485	0.0318297	0.0647064	0.0247051	0.040694	0.00113894	0.0675514	0.0455911	0.00286012	0.0661936	0.0393136	0.0199559	0.0204759	0.01647133
